Archive member included to satisfy reference by file (symbol)

d:/program/gnu tools arm embedded/7 2018-q2-update/bin/../lib/gcc/arm-none-eabi/7.3.1/../../../../arm-none-eabi/lib/thumb/v7-m\libg.a(lib_a-atoi.o)
                              ..\obj\usartESP.o (atoi)
d:/program/gnu tools arm embedded/7 2018-q2-update/bin/../lib/gcc/arm-none-eabi/7.3.1/../../../../arm-none-eabi/lib/thumb/v7-m\libg.a(lib_a-itoa.o)
                              ..\obj\timer.o (itoa)
d:/program/gnu tools arm embedded/7 2018-q2-update/bin/../lib/gcc/arm-none-eabi/7.3.1/../../../../arm-none-eabi/lib/thumb/v7-m\libg.a(lib_a-memset.o)
                              ..\obj\usartESP.o (memset)
d:/program/gnu tools arm embedded/7 2018-q2-update/bin/../lib/gcc/arm-none-eabi/7.3.1/../../../../arm-none-eabi/lib/thumb/v7-m\libg.a(lib_a-strstr.o)
                              ..\obj\main.o (strstr)
d:/program/gnu tools arm embedded/7 2018-q2-update/bin/../lib/gcc/arm-none-eabi/7.3.1/../../../../arm-none-eabi/lib/thumb/v7-m\libg.a(lib_a-strtol.o)
                              d:/program/gnu tools arm embedded/7 2018-q2-update/bin/../lib/gcc/arm-none-eabi/7.3.1/../../../../arm-none-eabi/lib/thumb/v7-m\libg.a(lib_a-atoi.o) (_strtol_r)
d:/program/gnu tools arm embedded/7 2018-q2-update/bin/../lib/gcc/arm-none-eabi/7.3.1/../../../../arm-none-eabi/lib/thumb/v7-m\libg.a(lib_a-utoa.o)
                              d:/program/gnu tools arm embedded/7 2018-q2-update/bin/../lib/gcc/arm-none-eabi/7.3.1/../../../../arm-none-eabi/lib/thumb/v7-m\libg.a(lib_a-itoa.o) (__utoa)
d:/program/gnu tools arm embedded/7 2018-q2-update/bin/../lib/gcc/arm-none-eabi/7.3.1/../../../../arm-none-eabi/lib/thumb/v7-m\libg.a(lib_a-impure.o)
                              d:/program/gnu tools arm embedded/7 2018-q2-update/bin/../lib/gcc/arm-none-eabi/7.3.1/../../../../arm-none-eabi/lib/thumb/v7-m\libg.a(lib_a-strtol.o) (_impure_ptr)
d:/program/gnu tools arm embedded/7 2018-q2-update/bin/../lib/gcc/arm-none-eabi/7.3.1/../../../../arm-none-eabi/lib/thumb/v7-m\libg.a(lib_a-locale.o)
                              d:/program/gnu tools arm embedded/7 2018-q2-update/bin/../lib/gcc/arm-none-eabi/7.3.1/../../../../arm-none-eabi/lib/thumb/v7-m\libg.a(lib_a-strtol.o) (__locale_ctype_ptr_l)
d:/program/gnu tools arm embedded/7 2018-q2-update/bin/../lib/gcc/arm-none-eabi/7.3.1/../../../../arm-none-eabi/lib/thumb/v7-m\libg.a(lib_a-mbtowc_r.o)
                              d:/program/gnu tools arm embedded/7 2018-q2-update/bin/../lib/gcc/arm-none-eabi/7.3.1/../../../../arm-none-eabi/lib/thumb/v7-m\libg.a(lib_a-locale.o) (__ascii_mbtowc)
d:/program/gnu tools arm embedded/7 2018-q2-update/bin/../lib/gcc/arm-none-eabi/7.3.1/../../../../arm-none-eabi/lib/thumb/v7-m\libg.a(lib_a-memchr-stub.o)
                              d:/program/gnu tools arm embedded/7 2018-q2-update/bin/../lib/gcc/arm-none-eabi/7.3.1/../../../../arm-none-eabi/lib/thumb/v7-m\libg.a(lib_a-strstr.o) (memchr)
d:/program/gnu tools arm embedded/7 2018-q2-update/bin/../lib/gcc/arm-none-eabi/7.3.1/../../../../arm-none-eabi/lib/thumb/v7-m\libg.a(lib_a-memcmp.o)
                              d:/program/gnu tools arm embedded/7 2018-q2-update/bin/../lib/gcc/arm-none-eabi/7.3.1/../../../../arm-none-eabi/lib/thumb/v7-m\libg.a(lib_a-strstr.o) (memcmp)
d:/program/gnu tools arm embedded/7 2018-q2-update/bin/../lib/gcc/arm-none-eabi/7.3.1/../../../../arm-none-eabi/lib/thumb/v7-m\libg.a(lib_a-strchr.o)
                              d:/program/gnu tools arm embedded/7 2018-q2-update/bin/../lib/gcc/arm-none-eabi/7.3.1/../../../../arm-none-eabi/lib/thumb/v7-m\libg.a(lib_a-strstr.o) (strchr)
d:/program/gnu tools arm embedded/7 2018-q2-update/bin/../lib/gcc/arm-none-eabi/7.3.1/../../../../arm-none-eabi/lib/thumb/v7-m\libg.a(lib_a-strcmp.o)
                              d:/program/gnu tools arm embedded/7 2018-q2-update/bin/../lib/gcc/arm-none-eabi/7.3.1/../../../../arm-none-eabi/lib/thumb/v7-m\libg.a(lib_a-locale.o) (strcmp)
d:/program/gnu tools arm embedded/7 2018-q2-update/bin/../lib/gcc/arm-none-eabi/7.3.1/../../../../arm-none-eabi/lib/thumb/v7-m\libg.a(lib_a-wctomb_r.o)
                              d:/program/gnu tools arm embedded/7 2018-q2-update/bin/../lib/gcc/arm-none-eabi/7.3.1/../../../../arm-none-eabi/lib/thumb/v7-m\libg.a(lib_a-locale.o) (__ascii_wctomb)
d:/program/gnu tools arm embedded/7 2018-q2-update/bin/../lib/gcc/arm-none-eabi/7.3.1/../../../../arm-none-eabi/lib/thumb/v7-m\libg.a(lib_a-ctype_.o)
                              d:/program/gnu tools arm embedded/7 2018-q2-update/bin/../lib/gcc/arm-none-eabi/7.3.1/../../../../arm-none-eabi/lib/thumb/v7-m\libg.a(lib_a-locale.o) (_ctype_)

Allocating common symbols
Common symbol       size              file

way_prep_mes        0x1               ..\obj\ds3231.o
settings            0x4               ..\obj\ds3231.o
size_cmd            0x1               ..\obj\ds3231.o
command             0x1               ..\obj\ds3231.o
alarm               0x5               ..\obj\ds3231.o
id                  0x1               ..\obj\ds3231.o
RX_BUF              0x80              ..\obj\ds3231.o
way_get_mes         0x1               ..\obj\ds3231.o
FLAG_REPLY          0x1               ..\obj\ds3231.o
init                0x1               ..\obj\ds3231.o
Delay_ms            0x4               ..\obj\timer.o
time                0x3               ..\obj\ds3231.o
count               0x3               ..\obj\ds3231.o
RXc                 0x1               ..\obj\ds3231.o
id_rx               0x1               ..\obj\ds3231.o
RXi                 0x1               ..\obj\ds3231.o
error_i2c           0x1               ..\obj\ds3231.o
Delay_us            0x4               ..\obj\timer.o
sensors             0xa               ..\obj\ds3231.o
cmd                 0xc               ..\obj\ds3231.o

Discarded input sections

 .text          0x00000000        0x0 ..\obj\stm32f10x_tim.o
 .data          0x00000000        0x0 ..\obj\stm32f10x_tim.o
 .bss           0x00000000        0x0 ..\obj\stm32f10x_tim.o
 .text.TIM_DeInit
                0x00000000      0x22c ..\obj\stm32f10x_tim.o
 .text.TIM_OC1Init
                0x00000000      0x118 ..\obj\stm32f10x_tim.o
 .text.TIM_OC2Init
                0x00000000      0x110 ..\obj\stm32f10x_tim.o
 .text.TIM_OC3Init
                0x00000000      0x10c ..\obj\stm32f10x_tim.o
 .text.TIM_OC4Init
                0x00000000       0xd0 ..\obj\stm32f10x_tim.o
 .text.TIM_ICInit
                0x00000000       0xa8 ..\obj\stm32f10x_tim.o
 .text.TIM_PWMIConfig
                0x00000000       0xb8 ..\obj\stm32f10x_tim.o
 .text.TIM_BDTRConfig
                0x00000000       0x4e ..\obj\stm32f10x_tim.o
 .text.TIM_OCStructInit
                0x00000000       0x42 ..\obj\stm32f10x_tim.o
 .text.TIM_ICStructInit
                0x00000000       0x30 ..\obj\stm32f10x_tim.o
 .text.TIM_BDTRStructInit
                0x00000000       0x3c ..\obj\stm32f10x_tim.o
 .text.TIM_CtrlPWMOutputs
                0x00000000       0x4a ..\obj\stm32f10x_tim.o
 .text.TIM_GenerateEvent
                0x00000000       0x1c ..\obj\stm32f10x_tim.o
 .text.TIM_DMAConfig
                0x00000000       0x28 ..\obj\stm32f10x_tim.o
 .text.TIM_DMACmd
                0x00000000       0x46 ..\obj\stm32f10x_tim.o
 .text.TIM_InternalClockConfig
                0x00000000       0x22 ..\obj\stm32f10x_tim.o
 .text.TIM_ITRxExternalClockConfig
                0x00000000       0x2e ..\obj\stm32f10x_tim.o
 .text.TIM_TIxExternalClockConfig
                0x00000000       0x5c ..\obj\stm32f10x_tim.o
 .text.TIM_ETRClockMode1Config
                0x00000000       0x5e ..\obj\stm32f10x_tim.o
 .text.TIM_ETRClockMode2Config
                0x00000000       0x3e ..\obj\stm32f10x_tim.o
 .text.TIM_ETRConfig
                0x00000000       0x52 ..\obj\stm32f10x_tim.o
 .text.TIM_PrescalerConfig
                0x00000000       0x26 ..\obj\stm32f10x_tim.o
 .text.TIM_CounterModeConfig
                0x00000000       0x36 ..\obj\stm32f10x_tim.o
 .text.TIM_SelectInputTrigger
                0x00000000       0x36 ..\obj\stm32f10x_tim.o
 .text.TIM_EncoderInterfaceConfig
                0x00000000       0x96 ..\obj\stm32f10x_tim.o
 .text.TIM_ForcedOC1Config
                0x00000000       0x36 ..\obj\stm32f10x_tim.o
 .text.TIM_ForcedOC2Config
                0x00000000       0x3a ..\obj\stm32f10x_tim.o
 .text.TIM_ForcedOC3Config
                0x00000000       0x36 ..\obj\stm32f10x_tim.o
 .text.TIM_ForcedOC4Config
                0x00000000       0x3a ..\obj\stm32f10x_tim.o
 .text.TIM_ARRPreloadConfig
                0x00000000       0x3e ..\obj\stm32f10x_tim.o
 .text.TIM_SelectCOM
                0x00000000       0x3e ..\obj\stm32f10x_tim.o
 .text.TIM_SelectCCDMA
                0x00000000       0x3e ..\obj\stm32f10x_tim.o
 .text.TIM_CCPreloadControl
                0x00000000       0x3e ..\obj\stm32f10x_tim.o
 .text.TIM_OC1PreloadConfig
                0x00000000       0x36 ..\obj\stm32f10x_tim.o
 .text.TIM_OC2PreloadConfig
                0x00000000       0x3a ..\obj\stm32f10x_tim.o
 .text.TIM_OC3PreloadConfig
                0x00000000       0x36 ..\obj\stm32f10x_tim.o
 .text.TIM_OC4PreloadConfig
                0x00000000       0x3a ..\obj\stm32f10x_tim.o
 .text.TIM_OC1FastConfig
                0x00000000       0x36 ..\obj\stm32f10x_tim.o
 .text.TIM_OC2FastConfig
                0x00000000       0x3a ..\obj\stm32f10x_tim.o
 .text.TIM_OC3FastConfig
                0x00000000       0x36 ..\obj\stm32f10x_tim.o
 .text.TIM_OC4FastConfig
                0x00000000       0x3a ..\obj\stm32f10x_tim.o
 .text.TIM_ClearOC1Ref
                0x00000000       0x36 ..\obj\stm32f10x_tim.o
 .text.TIM_ClearOC2Ref
                0x00000000       0x3a ..\obj\stm32f10x_tim.o
 .text.TIM_ClearOC3Ref
                0x00000000       0x36 ..\obj\stm32f10x_tim.o
 .text.TIM_ClearOC4Ref
                0x00000000       0x3a ..\obj\stm32f10x_tim.o
 .text.TIM_OC1PolarityConfig
                0x00000000       0x36 ..\obj\stm32f10x_tim.o
 .text.TIM_OC1NPolarityConfig
                0x00000000       0x36 ..\obj\stm32f10x_tim.o
 .text.TIM_OC2PolarityConfig
                0x00000000       0x3a ..\obj\stm32f10x_tim.o
 .text.TIM_OC2NPolarityConfig
                0x00000000       0x3a ..\obj\stm32f10x_tim.o
 .text.TIM_OC3PolarityConfig
                0x00000000       0x3a ..\obj\stm32f10x_tim.o
 .text.TIM_OC3NPolarityConfig
                0x00000000       0x3a ..\obj\stm32f10x_tim.o
 .text.TIM_OC4PolarityConfig
                0x00000000       0x3a ..\obj\stm32f10x_tim.o
 .text.TIM_CCxCmd
                0x00000000       0x54 ..\obj\stm32f10x_tim.o
 .text.TIM_CCxNCmd
                0x00000000       0x54 ..\obj\stm32f10x_tim.o
 .text.TIM_SelectOCxM
                0x00000000       0xae ..\obj\stm32f10x_tim.o
 .text.TIM_UpdateDisableConfig
                0x00000000       0x3e ..\obj\stm32f10x_tim.o
 .text.TIM_UpdateRequestConfig
                0x00000000       0x3e ..\obj\stm32f10x_tim.o
 .text.TIM_SelectHallSensor
                0x00000000       0x3e ..\obj\stm32f10x_tim.o
 .text.TIM_SelectOnePulseMode
                0x00000000       0x36 ..\obj\stm32f10x_tim.o
 .text.TIM_SelectOutputTrigger
                0x00000000       0x36 ..\obj\stm32f10x_tim.o
 .text.TIM_SelectSlaveMode
                0x00000000       0x36 ..\obj\stm32f10x_tim.o
 .text.TIM_SelectMasterSlaveMode
                0x00000000       0x36 ..\obj\stm32f10x_tim.o
 .text.TIM_SetCounter
                0x00000000       0x1c ..\obj\stm32f10x_tim.o
 .text.TIM_SetAutoreload
                0x00000000       0x1c ..\obj\stm32f10x_tim.o
 .text.TIM_SetCompare1
                0x00000000       0x1c ..\obj\stm32f10x_tim.o
 .text.TIM_SetCompare2
                0x00000000       0x1c ..\obj\stm32f10x_tim.o
 .text.TIM_SetCompare3
                0x00000000       0x1c ..\obj\stm32f10x_tim.o
 .text.TIM_SetCompare4
                0x00000000       0x1e ..\obj\stm32f10x_tim.o
 .text.TIM_SetIC1Prescaler
                0x00000000       0x36 ..\obj\stm32f10x_tim.o
 .text.TIM_SetIC2Prescaler
                0x00000000       0x3a ..\obj\stm32f10x_tim.o
 .text.TIM_SetIC3Prescaler
                0x00000000       0x36 ..\obj\stm32f10x_tim.o
 .text.TIM_SetIC4Prescaler
                0x00000000       0x3a ..\obj\stm32f10x_tim.o
 .text.TIM_SetClockDivision
                0x00000000       0x36 ..\obj\stm32f10x_tim.o
 .text.TIM_GetCapture1
                0x00000000       0x18 ..\obj\stm32f10x_tim.o
 .text.TIM_GetCapture2
                0x00000000       0x18 ..\obj\stm32f10x_tim.o
 .text.TIM_GetCapture3
                0x00000000       0x18 ..\obj\stm32f10x_tim.o
 .text.TIM_GetCapture4
                0x00000000       0x1a ..\obj\stm32f10x_tim.o
 .text.TIM_GetCounter
                0x00000000       0x18 ..\obj\stm32f10x_tim.o
 .text.TIM_GetPrescaler
                0x00000000       0x18 ..\obj\stm32f10x_tim.o
 .text.TIM_GetFlagStatus
                0x00000000       0x36 ..\obj\stm32f10x_tim.o
 .text.TIM_ClearFlag
                0x00000000       0x20 ..\obj\stm32f10x_tim.o
 .text.TI1_Config
                0x00000000       0xe0 ..\obj\stm32f10x_tim.o
 .text.TI2_Config
                0x00000000       0xf4 ..\obj\stm32f10x_tim.o
 .text.TI3_Config
                0x00000000       0xec ..\obj\stm32f10x_tim.o
 .text.TI4_Config
                0x00000000       0xf8 ..\obj\stm32f10x_tim.o
 .text          0x00000000        0x0 ..\obj\ds3231.o
 .data          0x00000000        0x0 ..\obj\ds3231.o
 .bss           0x00000000        0x0 ..\obj\ds3231.o
 .text          0x00000000        0x0 ..\obj\i2c.o
 .data          0x00000000        0x0 ..\obj\i2c.o
 .bss           0x00000000        0x0 ..\obj\i2c.o
 .text          0x00000000        0x0 ..\obj\flash.o
 .data          0x00000000        0x0 ..\obj\flash.o
 .bss           0x00000000        0x0 ..\obj\flash.o
 .text          0x00000000        0x0 ..\obj\timer.o
 .data          0x00000000        0x0 ..\obj\timer.o
 .bss           0x00000000        0x0 ..\obj\timer.o
 .text          0x00000000        0x0 ..\obj\system_stm32f10x.o
 .bss           0x00000000        0x0 ..\obj\system_stm32f10x.o
 .text.SystemCoreClockUpdate
                0x00000000       0xd8 ..\obj\system_stm32f10x.o
 .text          0x00000000        0x0 ..\obj\startup_stm32f10x_md.o
 .data          0x00000000        0x0 ..\obj\startup_stm32f10x_md.o
 .bss           0x00000000        0x0 ..\obj\startup_stm32f10x_md.o
 .text          0x00000000        0x0 ..\obj\stm32f10x_gpio.o
 .data          0x00000000        0x0 ..\obj\stm32f10x_gpio.o
 .bss           0x00000000        0x0 ..\obj\stm32f10x_gpio.o
 .text.GPIO_DeInit
                0x00000000       0xe4 ..\obj\stm32f10x_gpio.o
 .text.GPIO_AFIODeInit
                0x00000000       0x18 ..\obj\stm32f10x_gpio.o
 .text.GPIO_StructInit
                0x00000000       0x26 ..\obj\stm32f10x_gpio.o
 .text.GPIO_ReadInputData
                0x00000000       0x18 ..\obj\stm32f10x_gpio.o
 .text.GPIO_ReadOutputDataBit
                0x00000000       0x32 ..\obj\stm32f10x_gpio.o
 .text.GPIO_ReadOutputData
                0x00000000       0x18 ..\obj\stm32f10x_gpio.o
 .text.GPIO_SetBits
                0x00000000       0x1c ..\obj\stm32f10x_gpio.o
 .text.GPIO_ResetBits
                0x00000000       0x1c ..\obj\stm32f10x_gpio.o
 .text.GPIO_WriteBit
                0x00000000       0x2e ..\obj\stm32f10x_gpio.o
 .text.GPIO_Write
                0x00000000       0x1c ..\obj\stm32f10x_gpio.o
 .text.GPIO_PinLockConfig
                0x00000000       0x42 ..\obj\stm32f10x_gpio.o
 .text.GPIO_EventOutputConfig
                0x00000000       0x4c ..\obj\stm32f10x_gpio.o
 .text.GPIO_EventOutputCmd
                0x00000000       0x20 ..\obj\stm32f10x_gpio.o
 .text.GPIO_PinRemapConfig
                0x00000000       0xe0 ..\obj\stm32f10x_gpio.o
 .text.GPIO_EXTILineConfig
                0x00000000       0x80 ..\obj\stm32f10x_gpio.o
 .text.GPIO_ETH_MediaInterfaceConfig
                0x00000000       0x1c ..\obj\stm32f10x_gpio.o
 .text          0x00000000        0x0 ..\obj\main.o
 .data          0x00000000        0x0 ..\obj\main.o
 .bss           0x00000000        0x0 ..\obj\main.o
 .text          0x00000000        0x0 ..\obj\dwt_delay.o
 .data          0x00000000        0x0 ..\obj\dwt_delay.o
 .bss           0x00000000        0x0 ..\obj\dwt_delay.o
 .text.DWT_GetTick
                0x00000000       0x14 ..\obj\dwt_delay.o
 .text.DWT_Delay_sec
                0x00000000       0x3c ..\obj\dwt_delay.o
 .text.DWT_Test_sec
                0x00000000       0x38 ..\obj\dwt_delay.o
 .text.DWT_Test_ms
                0x00000000       0x38 ..\obj\dwt_delay.o
 .text.DWT_Test_us
                0x00000000       0x38 ..\obj\dwt_delay.o
 .text.DWT_Time_sec
                0x00000000       0x28 ..\obj\dwt_delay.o
 .text.DWT_Time_ms
                0x00000000       0x28 ..\obj\dwt_delay.o
 .text.DWT_Time_us
                0x00000000       0x28 ..\obj\dwt_delay.o
 .text          0x00000000        0x0 ..\obj\init.o
 .data          0x00000000        0x0 ..\obj\init.o
 .bss           0x00000000        0x0 ..\obj\init.o
 .text          0x00000000        0x0 ..\obj\stm32f10x_rcc.o
 .bss           0x00000000        0x0 ..\obj\stm32f10x_rcc.o
 .text.RCC_AdjustHSICalibrationValue
                0x00000000       0x3c ..\obj\stm32f10x_rcc.o
 .text.RCC_HSICmd
                0x00000000       0x20 ..\obj\stm32f10x_rcc.o
 .text.RCC_ITConfig
                0x00000000       0x4c ..\obj\stm32f10x_rcc.o
 .text.RCC_USBCLKConfig
                0x00000000       0x1c ..\obj\stm32f10x_rcc.o
 .text.RCC_ADCCLKConfig
                0x00000000       0x38 ..\obj\stm32f10x_rcc.o
 .text.RCC_LSEConfig
                0x00000000       0x40 ..\obj\stm32f10x_rcc.o
 .text.RCC_LSICmd
                0x00000000       0x20 ..\obj\stm32f10x_rcc.o
 .text.RCC_RTCCLKConfig
                0x00000000       0x24 ..\obj\stm32f10x_rcc.o
 .text.RCC_RTCCLKCmd
                0x00000000       0x20 ..\obj\stm32f10x_rcc.o
 .text.RCC_AHBPeriphClockCmd
                0x00000000       0x3c ..\obj\stm32f10x_rcc.o
 .text.RCC_APB2PeriphResetCmd
                0x00000000       0x3c ..\obj\stm32f10x_rcc.o
 .text.RCC_APB1PeriphResetCmd
                0x00000000       0x3c ..\obj\stm32f10x_rcc.o
 .text.RCC_BackupResetCmd
                0x00000000       0x20 ..\obj\stm32f10x_rcc.o
 .text.RCC_ClockSecuritySystemCmd
                0x00000000       0x20 ..\obj\stm32f10x_rcc.o
 .text.RCC_MCOConfig
                0x00000000       0x20 ..\obj\stm32f10x_rcc.o
 .text.RCC_ClearFlag
                0x00000000       0x1c ..\obj\stm32f10x_rcc.o
 .text.RCC_GetITStatus
                0x00000000       0x34 ..\obj\stm32f10x_rcc.o
 .text.RCC_ClearITPendingBit
                0x00000000       0x20 ..\obj\stm32f10x_rcc.o
 .text          0x00000000        0x0 ..\obj\stm32f10x_usart.o
 .data          0x00000000        0x0 ..\obj\stm32f10x_usart.o
 .bss           0x00000000        0x0 ..\obj\stm32f10x_usart.o
 .text.USART_DeInit
                0x00000000       0xb8 ..\obj\stm32f10x_usart.o
 .text.USART_StructInit
                0x00000000       0x38 ..\obj\stm32f10x_usart.o
 .text.USART_ClockInit
                0x00000000       0x56 ..\obj\stm32f10x_usart.o
 .text.USART_ClockStructInit
                0x00000000       0x2a ..\obj\stm32f10x_usart.o
 .text.USART_DMACmd
                0x00000000       0x46 ..\obj\stm32f10x_usart.o
 .text.USART_SetAddress
                0x00000000       0x38 ..\obj\stm32f10x_usart.o
 .text.USART_WakeUpConfig
                0x00000000       0x36 ..\obj\stm32f10x_usart.o
 .text.USART_ReceiverWakeUpCmd
                0x00000000       0x3e ..\obj\stm32f10x_usart.o
 .text.USART_LINBreakDetectLengthConfig
                0x00000000       0x36 ..\obj\stm32f10x_usart.o
 .text.USART_LINCmd
                0x00000000       0x3e ..\obj\stm32f10x_usart.o
 .text.USART_SendBreak
                0x00000000       0x22 ..\obj\stm32f10x_usart.o
 .text.USART_SetGuardTime
                0x00000000       0x3a ..\obj\stm32f10x_usart.o
 .text.USART_SetPrescaler
                0x00000000       0x38 ..\obj\stm32f10x_usart.o
 .text.USART_SmartCardCmd
                0x00000000       0x3e ..\obj\stm32f10x_usart.o
 .text.USART_SmartCardNACKCmd
                0x00000000       0x3e ..\obj\stm32f10x_usart.o
 .text.USART_HalfDuplexCmd
                0x00000000       0x3e ..\obj\stm32f10x_usart.o
 .text.USART_OverSampling8Cmd
                0x00000000       0x42 ..\obj\stm32f10x_usart.o
 .text.USART_OneBitMethodCmd
                0x00000000       0x3e ..\obj\stm32f10x_usart.o
 .text.USART_IrDAConfig
                0x00000000       0x36 ..\obj\stm32f10x_usart.o
 .text.USART_IrDACmd
                0x00000000       0x3e ..\obj\stm32f10x_usart.o
 .text.USART_ClearFlag
                0x00000000       0x20 ..\obj\stm32f10x_usart.o
 .text.USART_GetITStatus
                0x00000000       0xb4 ..\obj\stm32f10x_usart.o
 .text.USART_ClearITPendingBit
                0x00000000       0x38 ..\obj\stm32f10x_usart.o
 .text          0x00000000        0x0 ..\obj\usartMH.o
 .data          0x00000000        0x0 ..\obj\usartMH.o
 .bss           0x00000000        0x0 ..\obj\usartMH.o
 .text          0x00000000        0x0 ..\obj\stm32f10x_flash.o
 .data          0x00000000        0x0 ..\obj\stm32f10x_flash.o
 .bss           0x00000000        0x0 ..\obj\stm32f10x_flash.o
 .text.FLASH_HalfCycleAccessCmd
                0x00000000       0x30 ..\obj\stm32f10x_flash.o
 .text.FLASH_UnlockBank1
                0x00000000       0x24 ..\obj\stm32f10x_flash.o
 .text.FLASH_LockBank1
                0x00000000       0x1c ..\obj\stm32f10x_flash.o
 .text.FLASH_EraseAllPages
                0x00000000       0x5c ..\obj\stm32f10x_flash.o
 .text.FLASH_EraseAllBank1Pages
                0x00000000       0x5c ..\obj\stm32f10x_flash.o
 .text.FLASH_EraseOptionBytes
                0x00000000       0xd4 ..\obj\stm32f10x_flash.o
 .text.FLASH_ProgramHalfWord
                0x00000000       0x5c ..\obj\stm32f10x_flash.o
 .text.FLASH_ProgramOptionByteData
                0x00000000       0x78 ..\obj\stm32f10x_flash.o
 .text.FLASH_EnableWriteProtection
                0x00000000      0x118 ..\obj\stm32f10x_flash.o
 .text.FLASH_ReadOutProtection
                0x00000000       0xd4 ..\obj\stm32f10x_flash.o
 .text.FLASH_UserOptionByteConfig
                0x00000000       0x94 ..\obj\stm32f10x_flash.o
 .text.FLASH_GetUserOptionByte
                0x00000000       0x18 ..\obj\stm32f10x_flash.o
 .text.FLASH_GetWriteProtectionOptionByte
                0x00000000       0x14 ..\obj\stm32f10x_flash.o
 .text.FLASH_GetReadOutProtectionStatus
                0x00000000       0x30 ..\obj\stm32f10x_flash.o
 .text.FLASH_GetPrefetchBufferStatus
                0x00000000       0x30 ..\obj\stm32f10x_flash.o
 .text.FLASH_ITConfig
                0x00000000       0x3c ..\obj\stm32f10x_flash.o
 .text.FLASH_GetFlagStatus
                0x00000000       0x50 ..\obj\stm32f10x_flash.o
 .text.FLASH_ClearFlag
                0x00000000       0x1c ..\obj\stm32f10x_flash.o
 .text.FLASH_GetStatus
                0x00000000       0x54 ..\obj\stm32f10x_flash.o
 .text.FLASH_WaitForLastBank1Operation
                0x00000000       0x44 ..\obj\stm32f10x_flash.o
 .text          0x00000000        0x0 ..\obj\misc.o
 .data          0x00000000        0x0 ..\obj\misc.o
 .bss           0x00000000        0x0 ..\obj\misc.o
 .text.NVIC_PriorityGroupConfig
                0x00000000       0x24 ..\obj\misc.o
 .text.NVIC_SetVectorTable
                0x00000000       0x2c ..\obj\misc.o
 .text.NVIC_SystemLPConfig
                0x00000000       0x40 ..\obj\misc.o
 .text.SysTick_CLKSourceConfig
                0x00000000       0x38 ..\obj\misc.o
 .text          0x00000000        0x0 ..\obj\stm32f10x_i2c.o
 .data          0x00000000        0x0 ..\obj\stm32f10x_i2c.o
 .bss           0x00000000        0x0 ..\obj\stm32f10x_i2c.o
 .text.I2C_DeInit
                0x00000000       0x48 ..\obj\stm32f10x_i2c.o
 .text.I2C_DMACmd
                0x00000000       0x3e ..\obj\stm32f10x_i2c.o
 .text.I2C_DMALastTransferCmd
                0x00000000       0x3e ..\obj\stm32f10x_i2c.o
 .text.I2C_OwnAddress2Config
                0x00000000       0x42 ..\obj\stm32f10x_i2c.o
 .text.I2C_DualAddressCmd
                0x00000000       0x3e ..\obj\stm32f10x_i2c.o
 .text.I2C_GeneralCallCmd
                0x00000000       0x3e ..\obj\stm32f10x_i2c.o
 .text.I2C_ITConfig
                0x00000000       0x46 ..\obj\stm32f10x_i2c.o
 .text.I2C_ReadRegister
                0x00000000       0x2c ..\obj\stm32f10x_i2c.o
 .text.I2C_SoftwareResetCmd
                0x00000000       0x42 ..\obj\stm32f10x_i2c.o
 .text.I2C_NACKPositionConfig
                0x00000000       0x40 ..\obj\stm32f10x_i2c.o
 .text.I2C_SMBusAlertConfig
                0x00000000       0x40 ..\obj\stm32f10x_i2c.o
 .text.I2C_TransmitPEC
                0x00000000       0x3e ..\obj\stm32f10x_i2c.o
 .text.I2C_PECPositionConfig
                0x00000000       0x40 ..\obj\stm32f10x_i2c.o
 .text.I2C_CalculatePEC
                0x00000000       0x3e ..\obj\stm32f10x_i2c.o
 .text.I2C_GetPEC
                0x00000000       0x1e ..\obj\stm32f10x_i2c.o
 .text.I2C_ARPCmd
                0x00000000       0x3e ..\obj\stm32f10x_i2c.o
 .text.I2C_StretchClockCmd
                0x00000000       0x3e ..\obj\stm32f10x_i2c.o
 .text.I2C_FastModeDutyCycleConfig
                0x00000000       0x40 ..\obj\stm32f10x_i2c.o
 .text.I2C_GetLastEvent
                0x00000000       0x42 ..\obj\stm32f10x_i2c.o
 .text.I2C_GetFlagStatus
                0x00000000       0x64 ..\obj\stm32f10x_i2c.o
 .text.I2C_ClearFlag
                0x00000000       0x2c ..\obj\stm32f10x_i2c.o
 .text.I2C_GetITStatus
                0x00000000       0x58 ..\obj\stm32f10x_i2c.o
 .text.I2C_ClearITPendingBit
                0x00000000       0x2c ..\obj\stm32f10x_i2c.o
 .text          0x00000000        0x0 ..\obj\usartESP.o
 .data          0x00000000        0x0 ..\obj\usartESP.o
 .bss           0x00000000        0x0 ..\obj\usartESP.o
 .text          0x00000000        0x0 d:/program/gnu tools arm embedded/7 2018-q2-update/bin/../lib/gcc/arm-none-eabi/7.3.1/../../../../arm-none-eabi/lib/thumb/v7-m\libg.a(lib_a-atoi.o)
 .data          0x00000000        0x0 d:/program/gnu tools arm embedded/7 2018-q2-update/bin/../lib/gcc/arm-none-eabi/7.3.1/../../../../arm-none-eabi/lib/thumb/v7-m\libg.a(lib_a-atoi.o)
 .bss           0x00000000        0x0 d:/program/gnu tools arm embedded/7 2018-q2-update/bin/../lib/gcc/arm-none-eabi/7.3.1/../../../../arm-none-eabi/lib/thumb/v7-m\libg.a(lib_a-atoi.o)
 .text._atoi_r  0x00000000        0x8 d:/program/gnu tools arm embedded/7 2018-q2-update/bin/../lib/gcc/arm-none-eabi/7.3.1/../../../../arm-none-eabi/lib/thumb/v7-m\libg.a(lib_a-atoi.o)
 .text          0x00000000        0x0 d:/program/gnu tools arm embedded/7 2018-q2-update/bin/../lib/gcc/arm-none-eabi/7.3.1/../../../../arm-none-eabi/lib/thumb/v7-m\libg.a(lib_a-itoa.o)
 .data          0x00000000        0x0 d:/program/gnu tools arm embedded/7 2018-q2-update/bin/../lib/gcc/arm-none-eabi/7.3.1/../../../../arm-none-eabi/lib/thumb/v7-m\libg.a(lib_a-itoa.o)
 .bss           0x00000000        0x0 d:/program/gnu tools arm embedded/7 2018-q2-update/bin/../lib/gcc/arm-none-eabi/7.3.1/../../../../arm-none-eabi/lib/thumb/v7-m\libg.a(lib_a-itoa.o)
 .text          0x00000000        0x0 d:/program/gnu tools arm embedded/7 2018-q2-update/bin/../lib/gcc/arm-none-eabi/7.3.1/../../../../arm-none-eabi/lib/thumb/v7-m\libg.a(lib_a-memset.o)
 .data          0x00000000        0x0 d:/program/gnu tools arm embedded/7 2018-q2-update/bin/../lib/gcc/arm-none-eabi/7.3.1/../../../../arm-none-eabi/lib/thumb/v7-m\libg.a(lib_a-memset.o)
 .bss           0x00000000        0x0 d:/program/gnu tools arm embedded/7 2018-q2-update/bin/../lib/gcc/arm-none-eabi/7.3.1/../../../../arm-none-eabi/lib/thumb/v7-m\libg.a(lib_a-memset.o)
 .text          0x00000000        0x0 d:/program/gnu tools arm embedded/7 2018-q2-update/bin/../lib/gcc/arm-none-eabi/7.3.1/../../../../arm-none-eabi/lib/thumb/v7-m\libg.a(lib_a-strstr.o)
 .data          0x00000000        0x0 d:/program/gnu tools arm embedded/7 2018-q2-update/bin/../lib/gcc/arm-none-eabi/7.3.1/../../../../arm-none-eabi/lib/thumb/v7-m\libg.a(lib_a-strstr.o)
 .bss           0x00000000        0x0 d:/program/gnu tools arm embedded/7 2018-q2-update/bin/../lib/gcc/arm-none-eabi/7.3.1/../../../../arm-none-eabi/lib/thumb/v7-m\libg.a(lib_a-strstr.o)
 .text          0x00000000        0x0 d:/program/gnu tools arm embedded/7 2018-q2-update/bin/../lib/gcc/arm-none-eabi/7.3.1/../../../../arm-none-eabi/lib/thumb/v7-m\libg.a(lib_a-strtol.o)
 .data          0x00000000        0x0 d:/program/gnu tools arm embedded/7 2018-q2-update/bin/../lib/gcc/arm-none-eabi/7.3.1/../../../../arm-none-eabi/lib/thumb/v7-m\libg.a(lib_a-strtol.o)
 .bss           0x00000000        0x0 d:/program/gnu tools arm embedded/7 2018-q2-update/bin/../lib/gcc/arm-none-eabi/7.3.1/../../../../arm-none-eabi/lib/thumb/v7-m\libg.a(lib_a-strtol.o)
 .text._strtol_r
                0x00000000       0x24 d:/program/gnu tools arm embedded/7 2018-q2-update/bin/../lib/gcc/arm-none-eabi/7.3.1/../../../../arm-none-eabi/lib/thumb/v7-m\libg.a(lib_a-strtol.o)
 .text.strtol_l
                0x00000000       0x20 d:/program/gnu tools arm embedded/7 2018-q2-update/bin/../lib/gcc/arm-none-eabi/7.3.1/../../../../arm-none-eabi/lib/thumb/v7-m\libg.a(lib_a-strtol.o)
 .text          0x00000000        0x0 d:/program/gnu tools arm embedded/7 2018-q2-update/bin/../lib/gcc/arm-none-eabi/7.3.1/../../../../arm-none-eabi/lib/thumb/v7-m\libg.a(lib_a-utoa.o)
 .data          0x00000000        0x0 d:/program/gnu tools arm embedded/7 2018-q2-update/bin/../lib/gcc/arm-none-eabi/7.3.1/../../../../arm-none-eabi/lib/thumb/v7-m\libg.a(lib_a-utoa.o)
 .bss           0x00000000        0x0 d:/program/gnu tools arm embedded/7 2018-q2-update/bin/../lib/gcc/arm-none-eabi/7.3.1/../../../../arm-none-eabi/lib/thumb/v7-m\libg.a(lib_a-utoa.o)
 .text.utoa     0x00000000        0x4 d:/program/gnu tools arm embedded/7 2018-q2-update/bin/../lib/gcc/arm-none-eabi/7.3.1/../../../../arm-none-eabi/lib/thumb/v7-m\libg.a(lib_a-utoa.o)
 .text          0x00000000        0x0 d:/program/gnu tools arm embedded/7 2018-q2-update/bin/../lib/gcc/arm-none-eabi/7.3.1/../../../../arm-none-eabi/lib/thumb/v7-m\libg.a(lib_a-impure.o)
 .data          0x00000000        0x0 d:/program/gnu tools arm embedded/7 2018-q2-update/bin/../lib/gcc/arm-none-eabi/7.3.1/../../../../arm-none-eabi/lib/thumb/v7-m\libg.a(lib_a-impure.o)
 .bss           0x00000000        0x0 d:/program/gnu tools arm embedded/7 2018-q2-update/bin/../lib/gcc/arm-none-eabi/7.3.1/../../../../arm-none-eabi/lib/thumb/v7-m\libg.a(lib_a-impure.o)
 .rodata._global_impure_ptr
                0x00000000        0x4 d:/program/gnu tools arm embedded/7 2018-q2-update/bin/../lib/gcc/arm-none-eabi/7.3.1/../../../../arm-none-eabi/lib/thumb/v7-m\libg.a(lib_a-impure.o)
 .text          0x00000000        0x0 d:/program/gnu tools arm embedded/7 2018-q2-update/bin/../lib/gcc/arm-none-eabi/7.3.1/../../../../arm-none-eabi/lib/thumb/v7-m\libg.a(lib_a-locale.o)
 .data          0x00000000        0x0 d:/program/gnu tools arm embedded/7 2018-q2-update/bin/../lib/gcc/arm-none-eabi/7.3.1/../../../../arm-none-eabi/lib/thumb/v7-m\libg.a(lib_a-locale.o)
 .bss           0x00000000        0x0 d:/program/gnu tools arm embedded/7 2018-q2-update/bin/../lib/gcc/arm-none-eabi/7.3.1/../../../../arm-none-eabi/lib/thumb/v7-m\libg.a(lib_a-locale.o)
 .text._setlocale_r
                0x00000000       0x40 d:/program/gnu tools arm embedded/7 2018-q2-update/bin/../lib/gcc/arm-none-eabi/7.3.1/../../../../arm-none-eabi/lib/thumb/v7-m\libg.a(lib_a-locale.o)
 .text.__locale_mb_cur_max
                0x00000000       0x1c d:/program/gnu tools arm embedded/7 2018-q2-update/bin/../lib/gcc/arm-none-eabi/7.3.1/../../../../arm-none-eabi/lib/thumb/v7-m\libg.a(lib_a-locale.o)
 .text.__locale_ctype_ptr
                0x00000000       0x1c d:/program/gnu tools arm embedded/7 2018-q2-update/bin/../lib/gcc/arm-none-eabi/7.3.1/../../../../arm-none-eabi/lib/thumb/v7-m\libg.a(lib_a-locale.o)
 .text.setlocale
                0x00000000       0x10 d:/program/gnu tools arm embedded/7 2018-q2-update/bin/../lib/gcc/arm-none-eabi/7.3.1/../../../../arm-none-eabi/lib/thumb/v7-m\libg.a(lib_a-locale.o)
 .bss._PathLocale
                0x00000000        0x4 d:/program/gnu tools arm embedded/7 2018-q2-update/bin/../lib/gcc/arm-none-eabi/7.3.1/../../../../arm-none-eabi/lib/thumb/v7-m\libg.a(lib_a-locale.o)
 .text          0x00000000        0x0 d:/program/gnu tools arm embedded/7 2018-q2-update/bin/../lib/gcc/arm-none-eabi/7.3.1/../../../../arm-none-eabi/lib/thumb/v7-m\libg.a(lib_a-mbtowc_r.o)
 .data          0x00000000        0x0 d:/program/gnu tools arm embedded/7 2018-q2-update/bin/../lib/gcc/arm-none-eabi/7.3.1/../../../../arm-none-eabi/lib/thumb/v7-m\libg.a(lib_a-mbtowc_r.o)
 .bss           0x00000000        0x0 d:/program/gnu tools arm embedded/7 2018-q2-update/bin/../lib/gcc/arm-none-eabi/7.3.1/../../../../arm-none-eabi/lib/thumb/v7-m\libg.a(lib_a-mbtowc_r.o)
 .text._mbtowc_r
                0x00000000       0x24 d:/program/gnu tools arm embedded/7 2018-q2-update/bin/../lib/gcc/arm-none-eabi/7.3.1/../../../../arm-none-eabi/lib/thumb/v7-m\libg.a(lib_a-mbtowc_r.o)
 .text          0x00000000        0x0 d:/program/gnu tools arm embedded/7 2018-q2-update/bin/../lib/gcc/arm-none-eabi/7.3.1/../../../../arm-none-eabi/lib/thumb/v7-m\libg.a(lib_a-memchr-stub.o)
 .data          0x00000000        0x0 d:/program/gnu tools arm embedded/7 2018-q2-update/bin/../lib/gcc/arm-none-eabi/7.3.1/../../../../arm-none-eabi/lib/thumb/v7-m\libg.a(lib_a-memchr-stub.o)
 .bss           0x00000000        0x0 d:/program/gnu tools arm embedded/7 2018-q2-update/bin/../lib/gcc/arm-none-eabi/7.3.1/../../../../arm-none-eabi/lib/thumb/v7-m\libg.a(lib_a-memchr-stub.o)
 .text          0x00000000        0x0 d:/program/gnu tools arm embedded/7 2018-q2-update/bin/../lib/gcc/arm-none-eabi/7.3.1/../../../../arm-none-eabi/lib/thumb/v7-m\libg.a(lib_a-memcmp.o)
 .data          0x00000000        0x0 d:/program/gnu tools arm embedded/7 2018-q2-update/bin/../lib/gcc/arm-none-eabi/7.3.1/../../../../arm-none-eabi/lib/thumb/v7-m\libg.a(lib_a-memcmp.o)
 .bss           0x00000000        0x0 d:/program/gnu tools arm embedded/7 2018-q2-update/bin/../lib/gcc/arm-none-eabi/7.3.1/../../../../arm-none-eabi/lib/thumb/v7-m\libg.a(lib_a-memcmp.o)
 .text          0x00000000        0x0 d:/program/gnu tools arm embedded/7 2018-q2-update/bin/../lib/gcc/arm-none-eabi/7.3.1/../../../../arm-none-eabi/lib/thumb/v7-m\libg.a(lib_a-strchr.o)
 .data          0x00000000        0x0 d:/program/gnu tools arm embedded/7 2018-q2-update/bin/../lib/gcc/arm-none-eabi/7.3.1/../../../../arm-none-eabi/lib/thumb/v7-m\libg.a(lib_a-strchr.o)
 .bss           0x00000000        0x0 d:/program/gnu tools arm embedded/7 2018-q2-update/bin/../lib/gcc/arm-none-eabi/7.3.1/../../../../arm-none-eabi/lib/thumb/v7-m\libg.a(lib_a-strchr.o)
 .text          0x00000000      0x1bc d:/program/gnu tools arm embedded/7 2018-q2-update/bin/../lib/gcc/arm-none-eabi/7.3.1/../../../../arm-none-eabi/lib/thumb/v7-m\libg.a(lib_a-strcmp.o)
 .data          0x00000000        0x0 d:/program/gnu tools arm embedded/7 2018-q2-update/bin/../lib/gcc/arm-none-eabi/7.3.1/../../../../arm-none-eabi/lib/thumb/v7-m\libg.a(lib_a-strcmp.o)
 .bss           0x00000000        0x0 d:/program/gnu tools arm embedded/7 2018-q2-update/bin/../lib/gcc/arm-none-eabi/7.3.1/../../../../arm-none-eabi/lib/thumb/v7-m\libg.a(lib_a-strcmp.o)
 .debug_frame   0x00000000       0x34 d:/program/gnu tools arm embedded/7 2018-q2-update/bin/../lib/gcc/arm-none-eabi/7.3.1/../../../../arm-none-eabi/lib/thumb/v7-m\libg.a(lib_a-strcmp.o)
 .ARM.attributes
                0x00000000       0x1b d:/program/gnu tools arm embedded/7 2018-q2-update/bin/../lib/gcc/arm-none-eabi/7.3.1/../../../../arm-none-eabi/lib/thumb/v7-m\libg.a(lib_a-strcmp.o)
 .text          0x00000000        0x0 d:/program/gnu tools arm embedded/7 2018-q2-update/bin/../lib/gcc/arm-none-eabi/7.3.1/../../../../arm-none-eabi/lib/thumb/v7-m\libg.a(lib_a-wctomb_r.o)
 .data          0x00000000        0x0 d:/program/gnu tools arm embedded/7 2018-q2-update/bin/../lib/gcc/arm-none-eabi/7.3.1/../../../../arm-none-eabi/lib/thumb/v7-m\libg.a(lib_a-wctomb_r.o)
 .bss           0x00000000        0x0 d:/program/gnu tools arm embedded/7 2018-q2-update/bin/../lib/gcc/arm-none-eabi/7.3.1/../../../../arm-none-eabi/lib/thumb/v7-m\libg.a(lib_a-wctomb_r.o)
 .text._wctomb_r
                0x00000000       0x24 d:/program/gnu tools arm embedded/7 2018-q2-update/bin/../lib/gcc/arm-none-eabi/7.3.1/../../../../arm-none-eabi/lib/thumb/v7-m\libg.a(lib_a-wctomb_r.o)
 .text          0x00000000        0x0 d:/program/gnu tools arm embedded/7 2018-q2-update/bin/../lib/gcc/arm-none-eabi/7.3.1/../../../../arm-none-eabi/lib/thumb/v7-m\libg.a(lib_a-ctype_.o)
 .data          0x00000000        0x0 d:/program/gnu tools arm embedded/7 2018-q2-update/bin/../lib/gcc/arm-none-eabi/7.3.1/../../../../arm-none-eabi/lib/thumb/v7-m\libg.a(lib_a-ctype_.o)
 .bss           0x00000000        0x0 d:/program/gnu tools arm embedded/7 2018-q2-update/bin/../lib/gcc/arm-none-eabi/7.3.1/../../../../arm-none-eabi/lib/thumb/v7-m\libg.a(lib_a-ctype_.o)

Memory Configuration

Name             Origin             Length             Attributes
rom              0x08000000         0x00010000         xr
ram              0x20000000         0x00005000         xrw
*default*        0x00000000         0xffffffff

Linker script and memory map

                0x20005000                _eram = 0x20005000

.text           0x08000000     0x3295
 *(.isr_vector)
 .isr_vector    0x08000000      0x10c ..\obj\startup_stm32f10x_md.o
                0x08000000                g_pfnVectors
 *(.text*)
 .text.TIM_TimeBaseInit
                0x0800010c       0xf8 ..\obj\stm32f10x_tim.o
                0x0800010c                TIM_TimeBaseInit
 .text.TIM_TimeBaseStructInit
                0x08000204       0x32 ..\obj\stm32f10x_tim.o
                0x08000204                TIM_TimeBaseStructInit
 .text.TIM_Cmd  0x08000236       0x3e ..\obj\stm32f10x_tim.o
                0x08000236                TIM_Cmd
 .text.TIM_ITConfig
                0x08000274       0x46 ..\obj\stm32f10x_tim.o
                0x08000274                TIM_ITConfig
 .text.TIM_GetITStatus
                0x080002ba       0x52 ..\obj\stm32f10x_tim.o
                0x080002ba                TIM_GetITStatus
 .text.TIM_ClearITPendingBit
                0x0800030c       0x20 ..\obj\stm32f10x_tim.o
                0x0800030c                TIM_ClearITPendingBit
 .text.DS3231_init
                0x0800032c       0x48 ..\obj\ds3231.o
                0x0800032c                DS3231_init
 .text.DS3231_read_temp
                0x08000374       0x58 ..\obj\ds3231.o
                0x08000374                DS3231_read_temp
 .text.ds3231_del_alarm
                0x080003cc       0x32 ..\obj\ds3231.o
                0x080003cc                ds3231_del_alarm
 .text.ds3231_on_alarm
                0x080003fe       0x4a ..\obj\ds3231.o
                0x080003fe                ds3231_on_alarm
 .text.cicle    0x08000448       0x50 ..\obj\i2c.o
                0x08000448                cicle
 .text.I2C_single_write
                0x08000498       0xa4 ..\obj\i2c.o
                0x08000498                I2C_single_write
 .text.I2C_single_read
                0x0800053c       0xd4 ..\obj\i2c.o
                0x0800053c                I2C_single_read
 .text.FLASH_Init
                0x08000610       0x14 ..\obj\flash.o
                0x08000610                FLASH_Init
 .text.FLASH_ReadSettings
                0x08000624       0x48 ..\obj\flash.o
                0x08000624                FLASH_ReadSettings
 .text.FLASH_WriteSettings
                0x0800066c       0x58 ..\obj\flash.o
                0x0800066c                FLASH_WriteSettings
 .text.CRC8     0x080006c4       0x80 ..\obj\timer.o
 .text.TIM4_IRQHandler
                0x08000744      0x1c8 ..\obj\timer.o
                0x08000744                TIM4_IRQHandler
 .text.TIM3_IRQHandler
                0x0800090c      0x194 ..\obj\timer.o
                0x0800090c                TIM3_IRQHandler
 .text.SystemInit
                0x08000aa0       0x68 ..\obj\system_stm32f10x.o
                0x08000aa0                SystemInit
 .text.SetSysClock
                0x08000b08        0xc ..\obj\system_stm32f10x.o
 .text.SetSysClockTo72
                0x08000b14      0x100 ..\obj\system_stm32f10x.o
 .text.Default_Reset_Handler
                0x08000c14       0x60 ..\obj\startup_stm32f10x_md.o
                0x08000c14                Default_Reset_Handler
                0x08000c14                Reset_Handler
 .text.Default_Handler
                0x08000c74        0x6 ..\obj\startup_stm32f10x_md.o
                0x08000c74                EXTI2_IRQHandler
                0x08000c74                DebugMon_Handler
                0x08000c74                TIM1_CC_IRQHandler
                0x08000c74                HardFault_Handler
                0x08000c74                SysTick_Handler
                0x08000c74                PVD_IRQHandler
                0x08000c74                PendSV_Handler
                0x08000c74                NMI_Handler
                0x08000c74                EXTI3_IRQHandler
                0x08000c74                EXTI0_IRQHandler
                0x08000c74                I2C2_EV_IRQHandler
                0x08000c74                UsageFault_Handler
                0x08000c74                ADC1_2_IRQHandler
                0x08000c74                SPI1_IRQHandler
                0x08000c74                TAMPER_IRQHandler
                0x08000c74                DMA1_Channel4_IRQHandler
                0x08000c74                USART3_IRQHandler
                0x08000c74                RTC_IRQHandler
                0x08000c74                DMA1_Channel7_IRQHandler
                0x08000c74                CAN1_RX1_IRQHandler
                0x08000c74                I2C1_EV_IRQHandler
                0x08000c74                DMA1_Channel6_IRQHandler
                0x08000c74                RCC_IRQHandler
                0x08000c74                TIM1_TRG_COM_IRQHandler
                0x08000c74                DMA1_Channel1_IRQHandler
                0x08000c74                EXTI15_10_IRQHandler
                0x08000c74                EXTI9_5_IRQHandler
                0x08000c74                SPI2_IRQHandler
                0x08000c74                MemManage_Handler
                0x08000c74                SVC_Handler
                0x08000c74                DMA1_Channel5_IRQHandler
                0x08000c74                EXTI4_IRQHandler
                0x08000c74                USB_LP_CAN1_RX0_IRQHandler
                0x08000c74                USB_HP_CAN1_TX_IRQHandler
                0x08000c74                DMA1_Channel3_IRQHandler
                0x08000c74                TIM1_UP_IRQHandler
                0x08000c74                WWDG_IRQHandler
                0x08000c74                TIM2_IRQHandler
                0x08000c74                TIM1_BRK_IRQHandler
                0x08000c74                RTCAlarm_IRQHandler
                0x08000c74                USART2_IRQHandler
                0x08000c74                I2C2_ER_IRQHandler
                0x08000c74                DMA1_Channel2_IRQHandler
                0x08000c74                CAN1_SCE_IRQHandler
                0x08000c74                FLASH_IRQHandler
                0x08000c74                BusFault_Handler
                0x08000c74                I2C1_ER_IRQHandler
                0x08000c74                USBWakeUp_IRQHandler
 .text.GPIO_Init
                0x08000c7a      0x178 ..\obj\stm32f10x_gpio.o
                0x08000c7a                GPIO_Init
 .text.GPIO_ReadInputDataBit
                0x08000df2       0x32 ..\obj\stm32f10x_gpio.o
                0x08000df2                GPIO_ReadInputDataBit
 .text.chan     0x08000e24       0x90 ..\obj\main.o
                0x08000e24                chan
 .text.sizeof_cmd
                0x08000eb4       0x74 ..\obj\main.o
                0x08000eb4                sizeof_cmd
 .text.EXTI1_IRQHandler
                0x08000f28       0x20 ..\obj\main.o
                0x08000f28                EXTI1_IRQHandler
 .text.main     0x08000f48      0x16c ..\obj\main.o
                0x08000f48                main
 .text.DWT_DelayUpdate
                0x080010b4       0x40 ..\obj\dwt_delay.o
                0x080010b4                DWT_DelayUpdate
 .text.DWT_Init
                0x080010f4       0x2c ..\obj\dwt_delay.o
                0x080010f4                DWT_Init
 .text.DWT_Delay_ms
                0x08001120       0x3c ..\obj\dwt_delay.o
                0x08001120                DWT_Delay_ms
 .text.DWT_Delay_us
                0x0800115c       0x3c ..\obj\dwt_delay.o
                0x0800115c                DWT_Delay_us
 .text.NVIC_EnableIRQ
                0x08001198       0x30 ..\obj\init.o
 .text.SetSysClockTo72
                0x080011c8       0x78 ..\obj\init.o
                0x080011c8                SetSysClockTo72
 .text.ports_init
                0x08001240      0x118 ..\obj\init.o
                0x08001240                ports_init
 .text.usartESP_init
                0x08001358       0x70 ..\obj\init.o
                0x08001358                usartESP_init
 .text.usartCN_init
                0x080013c8       0x54 ..\obj\init.o
                0x080013c8                usartCN_init
 .text.timer_init
                0x0800141c       0xb8 ..\obj\init.o
                0x0800141c                timer_init
 .text.I2C1_init
                0x080014d4       0x58 ..\obj\init.o
                0x080014d4                I2C1_init
 .text.RCC_DeInit
                0x0800152c       0x5c ..\obj\stm32f10x_rcc.o
                0x0800152c                RCC_DeInit
 .text.RCC_HSEConfig
                0x08001588       0x5c ..\obj\stm32f10x_rcc.o
                0x08001588                RCC_HSEConfig
 .text.RCC_WaitForHSEStartUp
                0x080015e4       0x50 ..\obj\stm32f10x_rcc.o
                0x080015e4                RCC_WaitForHSEStartUp
 .text.RCC_PLLConfig
                0x08001634       0x3c ..\obj\stm32f10x_rcc.o
                0x08001634                RCC_PLLConfig
 .text.RCC_PLLCmd
                0x08001670       0x20 ..\obj\stm32f10x_rcc.o
                0x08001670                RCC_PLLCmd
 .text.RCC_SYSCLKConfig
                0x08001690       0x38 ..\obj\stm32f10x_rcc.o
                0x08001690                RCC_SYSCLKConfig
 .text.RCC_GetSYSCLKSource
                0x080016c8       0x1c ..\obj\stm32f10x_rcc.o
                0x080016c8                RCC_GetSYSCLKSource
 .text.RCC_HCLKConfig
                0x080016e4       0x38 ..\obj\stm32f10x_rcc.o
                0x080016e4                RCC_HCLKConfig
 .text.RCC_PCLK1Config
                0x0800171c       0x38 ..\obj\stm32f10x_rcc.o
                0x0800171c                RCC_PCLK1Config
 .text.RCC_PCLK2Config
                0x08001754       0x38 ..\obj\stm32f10x_rcc.o
                0x08001754                RCC_PCLK2Config
 .text.RCC_GetClocksFreq
                0x0800178c      0x160 ..\obj\stm32f10x_rcc.o
                0x0800178c                RCC_GetClocksFreq
 .text.RCC_APB2PeriphClockCmd
                0x080018ec       0x3c ..\obj\stm32f10x_rcc.o
                0x080018ec                RCC_APB2PeriphClockCmd
 .text.RCC_APB1PeriphClockCmd
                0x08001928       0x3c ..\obj\stm32f10x_rcc.o
                0x08001928                RCC_APB1PeriphClockCmd
 .text.RCC_GetFlagStatus
                0x08001964       0x74 ..\obj\stm32f10x_rcc.o
                0x08001964                RCC_GetFlagStatus
 .text.USART_Init
                0x080019d8      0x174 ..\obj\stm32f10x_usart.o
                0x080019d8                USART_Init
 .text.USART_Cmd
                0x08001b4c       0x3e ..\obj\stm32f10x_usart.o
                0x08001b4c                USART_Cmd
 .text.USART_ITConfig
                0x08001b8a       0x8e ..\obj\stm32f10x_usart.o
                0x08001b8a                USART_ITConfig
 .text.USART_SendData
                0x08001c18       0x22 ..\obj\stm32f10x_usart.o
                0x08001c18                USART_SendData
 .text.USART_ReceiveData
                0x08001c3a       0x1e ..\obj\stm32f10x_usart.o
                0x08001c3a                USART_ReceiveData
 .text.USART_GetFlagStatus
                0x08001c58       0x36 ..\obj\stm32f10x_usart.o
                0x08001c58                USART_GetFlagStatus
 *fill*         0x08001c8e        0x2 
 .text.USART3SendCMD
                0x08001c90       0x50 ..\obj\usartMH.o
                0x08001c90                USART3SendCMD
 .text.GetCO2   0x08001ce0       0x70 ..\obj\usartMH.o
                0x08001ce0                GetCO2
 .text.FLASH_SetLatency
                0x08001d50       0x38 ..\obj\stm32f10x_flash.o
                0x08001d50                FLASH_SetLatency
 .text.FLASH_PrefetchBufferCmd
                0x08001d88       0x30 ..\obj\stm32f10x_flash.o
                0x08001d88                FLASH_PrefetchBufferCmd
 .text.FLASH_Unlock
                0x08001db8       0x24 ..\obj\stm32f10x_flash.o
                0x08001db8                FLASH_Unlock
 .text.FLASH_Lock
                0x08001ddc       0x1c ..\obj\stm32f10x_flash.o
                0x08001ddc                FLASH_Lock
 .text.FLASH_ErasePage
                0x08001df8       0x64 ..\obj\stm32f10x_flash.o
                0x08001df8                FLASH_ErasePage
 .text.FLASH_ProgramWord
                0x08001e5c       0x94 ..\obj\stm32f10x_flash.o
                0x08001e5c                FLASH_ProgramWord
 .text.FLASH_GetBank1Status
                0x08001ef0       0x54 ..\obj\stm32f10x_flash.o
                0x08001ef0                FLASH_GetBank1Status
 .text.FLASH_WaitForLastOperation
                0x08001f44       0x44 ..\obj\stm32f10x_flash.o
                0x08001f44                FLASH_WaitForLastOperation
 .text.NVIC_Init
                0x08001f88       0xc4 ..\obj\misc.o
                0x08001f88                NVIC_Init
 .text.I2C_Init
                0x0800204c      0x184 ..\obj\stm32f10x_i2c.o
                0x0800204c                I2C_Init
 .text.I2C_StructInit
                0x080021d0       0x3c ..\obj\stm32f10x_i2c.o
                0x080021d0                I2C_StructInit
 .text.I2C_Cmd  0x0800220c       0x3e ..\obj\stm32f10x_i2c.o
                0x0800220c                I2C_Cmd
 .text.I2C_GenerateSTART
                0x0800224a       0x3e ..\obj\stm32f10x_i2c.o
                0x0800224a                I2C_GenerateSTART
 .text.I2C_GenerateSTOP
                0x08002288       0x3e ..\obj\stm32f10x_i2c.o
                0x08002288                I2C_GenerateSTOP
 .text.I2C_AcknowledgeConfig
                0x080022c6       0x3e ..\obj\stm32f10x_i2c.o
                0x080022c6                I2C_AcknowledgeConfig
 .text.I2C_SendData
                0x08002304       0x1e ..\obj\stm32f10x_i2c.o
                0x08002304                I2C_SendData
 .text.I2C_ReceiveData
                0x08002322       0x1a ..\obj\stm32f10x_i2c.o
                0x08002322                I2C_ReceiveData
 .text.I2C_Send7bitAddress
                0x0800233c       0x3a ..\obj\stm32f10x_i2c.o
                0x0800233c                I2C_Send7bitAddress
 .text.I2C_CheckEvent
                0x08002376       0x5e ..\obj\stm32f10x_i2c.o
                0x08002376                I2C_CheckEvent
 .text.clear_Buffer
                0x080023d4       0x2c ..\obj\usartESP.o
                0x080023d4                clear_Buffer
 .text.USARTSendSTR
                0x08002400       0x40 ..\obj\usartESP.o
                0x08002400                USARTSendSTR
 .text.USARTSendCMD
                0x08002440       0x50 ..\obj\usartESP.o
                0x08002440                USARTSendCMD
 .text.USARTSendCHAR
                0x08002490       0x34 ..\obj\usartESP.o
                0x08002490                USARTSendCHAR
 .text.USART1_IRQHandler
                0x080024c4      0x124 ..\obj\usartESP.o
                0x080024c4                USART1_IRQHandler
 .text.uart_wite_for
                0x080025e8       0xd0 ..\obj\usartESP.o
                0x080025e8                uart_wite_for
 .text.init_ESP
                0x080026b8       0x88 ..\obj\usartESP.o
                0x080026b8                init_ESP
 .text.atoi     0x08002740        0x8 d:/program/gnu tools arm embedded/7 2018-q2-update/bin/../lib/gcc/arm-none-eabi/7.3.1/../../../../arm-none-eabi/lib/thumb/v7-m\libg.a(lib_a-atoi.o)
                0x08002740                atoi
 .text.__itoa   0x08002748       0x3c d:/program/gnu tools arm embedded/7 2018-q2-update/bin/../lib/gcc/arm-none-eabi/7.3.1/../../../../arm-none-eabi/lib/thumb/v7-m\libg.a(lib_a-itoa.o)
                0x08002748                __itoa
 .text.itoa     0x08002784        0x4 d:/program/gnu tools arm embedded/7 2018-q2-update/bin/../lib/gcc/arm-none-eabi/7.3.1/../../../../arm-none-eabi/lib/thumb/v7-m\libg.a(lib_a-itoa.o)
                0x08002784                itoa
 .text.memset   0x08002788       0x94 d:/program/gnu tools arm embedded/7 2018-q2-update/bin/../lib/gcc/arm-none-eabi/7.3.1/../../../../arm-none-eabi/lib/thumb/v7-m\libg.a(lib_a-memset.o)
                0x08002788                memset
 .text.critical_factorization
                0x0800281c       0xb4 d:/program/gnu tools arm embedded/7 2018-q2-update/bin/../lib/gcc/arm-none-eabi/7.3.1/../../../../arm-none-eabi/lib/thumb/v7-m\libg.a(lib_a-strstr.o)
 .text.two_way_long_needle
                0x080028d0      0x1f8 d:/program/gnu tools arm embedded/7 2018-q2-update/bin/../lib/gcc/arm-none-eabi/7.3.1/../../../../arm-none-eabi/lib/thumb/v7-m\libg.a(lib_a-strstr.o)
 .text.strstr   0x08002ac8      0x1f8 d:/program/gnu tools arm embedded/7 2018-q2-update/bin/../lib/gcc/arm-none-eabi/7.3.1/../../../../arm-none-eabi/lib/thumb/v7-m\libg.a(lib_a-strstr.o)
                0x08002ac8                strstr
 .text._strtol_l.isra.0
                0x08002cc0      0x124 d:/program/gnu tools arm embedded/7 2018-q2-update/bin/../lib/gcc/arm-none-eabi/7.3.1/../../../../arm-none-eabi/lib/thumb/v7-m\libg.a(lib_a-strtol.o)
 .text.strtol   0x08002de4       0x2c d:/program/gnu tools arm embedded/7 2018-q2-update/bin/../lib/gcc/arm-none-eabi/7.3.1/../../../../arm-none-eabi/lib/thumb/v7-m\libg.a(lib_a-strtol.o)
                0x08002de4                strtol
 .text.__utoa   0x08002e10       0x80 d:/program/gnu tools arm embedded/7 2018-q2-update/bin/../lib/gcc/arm-none-eabi/7.3.1/../../../../arm-none-eabi/lib/thumb/v7-m\libg.a(lib_a-utoa.o)
                0x08002e10                __utoa
 .text.__locale_ctype_ptr_l
                0x08002e90        0x8 d:/program/gnu tools arm embedded/7 2018-q2-update/bin/../lib/gcc/arm-none-eabi/7.3.1/../../../../arm-none-eabi/lib/thumb/v7-m\libg.a(lib_a-locale.o)
                0x08002e90                __locale_ctype_ptr_l
 .text.__ascii_mbtowc
                0x08002e98       0x2c d:/program/gnu tools arm embedded/7 2018-q2-update/bin/../lib/gcc/arm-none-eabi/7.3.1/../../../../arm-none-eabi/lib/thumb/v7-m\libg.a(lib_a-mbtowc_r.o)
                0x08002e98                __ascii_mbtowc
 .text.memchr   0x08002ec4       0x8c d:/program/gnu tools arm embedded/7 2018-q2-update/bin/../lib/gcc/arm-none-eabi/7.3.1/../../../../arm-none-eabi/lib/thumb/v7-m\libg.a(lib_a-memchr-stub.o)
                0x08002ec4                memchr
 .text.memcmp   0x08002f50       0x64 d:/program/gnu tools arm embedded/7 2018-q2-update/bin/../lib/gcc/arm-none-eabi/7.3.1/../../../../arm-none-eabi/lib/thumb/v7-m\libg.a(lib_a-memcmp.o)
                0x08002f50                memcmp
 .text.strchr   0x08002fb4       0xe8 d:/program/gnu tools arm embedded/7 2018-q2-update/bin/../lib/gcc/arm-none-eabi/7.3.1/../../../../arm-none-eabi/lib/thumb/v7-m\libg.a(lib_a-strchr.o)
                0x08002fb4                strchr
 .text.__ascii_wctomb
                0x0800309c       0x18 d:/program/gnu tools arm embedded/7 2018-q2-update/bin/../lib/gcc/arm-none-eabi/7.3.1/../../../../arm-none-eabi/lib/thumb/v7-m\libg.a(lib_a-wctomb_r.o)
                0x0800309c                __ascii_wctomb
 *(.init)
 *(.fini)
 *crtbegin.o(.ctors)
 *crtbegin?.o(.ctors)
 *(EXCLUDE_FILE(*crtend.o *crtend?.o) .ctors)
 *(SORT_BY_NAME(.ctors.*))
 *(.ctors)
 *crtbegin.o(.dtors)
 *crtbegin?.o(.dtors)
 *(EXCLUDE_FILE(*crtend.o *crtend?.o) .dtors)
 *(SORT_BY_NAME(.dtors.*))
 *(.dtors)
 *(.rodata*)
 .rodata        0x080030b4        0x9 ..\obj\timer.o
                0x080030b4                getppm
 *fill*         0x080030bd        0x3 
 .rodata        0x080030c0       0x2f ..\obj\main.o
 *fill*         0x080030ef        0x1 
 .rodata        0x080030f0       0x6b ..\obj\usartESP.o
 *fill*         0x0800315b        0x1 
 .rodata.__utoa.str1.4
                0x0800315c       0x25 d:/program/gnu tools arm embedded/7 2018-q2-update/bin/../lib/gcc/arm-none-eabi/7.3.1/../../../../arm-none-eabi/lib/thumb/v7-m\libg.a(lib_a-utoa.o)
 *fill*         0x08003181        0x3 
 .rodata._setlocale_r.str1.4
                0x08003184        0xa d:/program/gnu tools arm embedded/7 2018-q2-update/bin/../lib/gcc/arm-none-eabi/7.3.1/../../../../arm-none-eabi/lib/thumb/v7-m\libg.a(lib_a-locale.o)
                                  0xd (size before relaxing)
 *fill*         0x0800318e        0x2 
 .rodata.str1.4
                0x08003190        0x4 d:/program/gnu tools arm embedded/7 2018-q2-update/bin/../lib/gcc/arm-none-eabi/7.3.1/../../../../arm-none-eabi/lib/thumb/v7-m\libg.a(lib_a-locale.o)
                                  0x2 (size before relaxing)
 .rodata._ctype_
                0x08003194      0x101 d:/program/gnu tools arm embedded/7 2018-q2-update/bin/../lib/gcc/arm-none-eabi/7.3.1/../../../../arm-none-eabi/lib/thumb/v7-m\libg.a(lib_a-ctype_.o)
                0x08003194                _ctype_
 *(.eh_fram e*)

.glue_7         0x08003298        0x0
 .glue_7        0x08003298        0x0 linker stubs

.glue_7t        0x08003298        0x0
 .glue_7t       0x08003298        0x0 linker stubs

.vfp11_veneer   0x08003298        0x0
 .vfp11_veneer  0x08003298        0x0 linker stubs

.v4_bx          0x08003298        0x0
 .v4_bx         0x08003298        0x0 linker stubs

.iplt           0x08003298        0x0
 .iplt          0x08003298        0x0 ..\obj\stm32f10x_tim.o

.rel.dyn        0x08003298        0x0
 .rel.iplt      0x08003298        0x0 ..\obj\stm32f10x_tim.o

.ARM.extab
 *(.ARM.extab* .gnu.linkonce.armextab.*)
                0x08003298                __exidx_start = .

.ARM.exidx
 *(.ARM.exidx* .gnu.linkonce.armexidx.*)
                0x08003298                __exidx_end = .
                0x08003298                __etext = .
                0x08003295                _sidata = __etext

.data           0x20000000      0x5c4 load address 0x08003295
                0x20000000                __data_start__ = .
                0x20000000                _sdata = __data_start__
 *(vtable)
 *(.data*)
 .data          0x20000000       0x14 ..\obj\system_stm32f10x.o
                0x20000000                SystemCoreClock
                0x20000004                AHBPrescTable
 .data          0x20000014       0x14 ..\obj\stm32f10x_rcc.o
 .data._impure_ptr
                0x20000028        0x4 d:/program/gnu tools arm embedded/7 2018-q2-update/bin/../lib/gcc/arm-none-eabi/7.3.1/../../../../arm-none-eabi/lib/thumb/v7-m\libg.a(lib_a-impure.o)
                0x20000028                _impure_ptr
 *fill*         0x2000002c        0x4 
 .data.impure_data
                0x20000030      0x428 d:/program/gnu tools arm embedded/7 2018-q2-update/bin/../lib/gcc/arm-none-eabi/7.3.1/../../../../arm-none-eabi/lib/thumb/v7-m\libg.a(lib_a-impure.o)
 .data.__global_locale
                0x20000458      0x16c d:/program/gnu tools arm embedded/7 2018-q2-update/bin/../lib/gcc/arm-none-eabi/7.3.1/../../../../arm-none-eabi/lib/thumb/v7-m\libg.a(lib_a-locale.o)
                0x20000458                __global_locale
                0x200005c4                . = ALIGN (0x4)
                [!provide]                PROVIDE (__preinit_array_start = .)
 *(.preinit_array)
                [!provide]                PROVIDE (__preinit_array_end = .)
                0x200005c4                . = ALIGN (0x4)
                [!provide]                PROVIDE (__init_array_start = .)
 *(SORT_BY_NAME(.init_array.*))
 *(.init_array)
                [!provide]                PROVIDE (__init_array_end = .)
                0x200005c4                . = ALIGN (0x4)
                [!provide]                PROVIDE (__fini_array_start = .)
 *(SORT_BY_NAME(.fini_array.*))
 *(.fini_array)
                [!provide]                PROVIDE (__fini_array_end = .)
 *(.jcr*)
                0x200005c4                . = ALIGN (0x4)
                0x200005c4                __data_end__ = .
                0x200005c4                _edata = __data_end__

.igot.plt       0x200005c4        0x0 load address 0x0800385c
 .igot.plt      0x200005c4        0x0 ..\obj\stm32f10x_tim.o

.bss            0x200005c4       0xc4 load address 0x0800385c
                0x200005c4                . = ALIGN (0x4)
                0x200005c4                __bss_start__ = .
                0x200005c4                _sbss = __bss_start__
 *(.bss*)
 *(COMMON)
 COMMON         0x200005c4       0xbc ..\obj\ds3231.o
                0x200005c4                way_prep_mes
                0x200005c8                settings
                0x200005cc                size_cmd
                0x200005cd                command
                0x200005d0                alarm
                0x200005d5                id
                0x200005d8                RX_BUF
                0x20000658                way_get_mes
                0x20000659                FLAG_REPLY
                0x2000065a                init
                0x2000065c                time
                0x20000660                count
                0x20000663                RXc
                0x20000664                id_rx
                0x20000665                RXi
                0x20000666                error_i2c
                0x20000668                sensors
                0x20000674                cmd
 COMMON         0x20000680        0x8 ..\obj\timer.o
                0x20000680                Delay_ms
                0x20000684                Delay_us
                0x20000688                . = ALIGN (0x4)
                0x20000688                __bss_end__ = .
                0x20000688                _ebss = __bss_end__

.heap           0x20000688        0x0
                0x20000688                __end__ = .
                0x20000688                _end = __end__
                0x20000688                end = __end__
 *(.heap*)
                0x20000688                __HeapLimit = .

.co_stack       0x20000688      0x400 load address 0x08003920
                0x20000688                . = ALIGN (0x8)
 *(.co_stack .co_stack.*)
 .co_stack      0x20000688      0x400 ..\obj\startup_stm32f10x_md.o
                0x20000688                pulStack
                0x20005000                __StackTop = (ORIGIN (ram) + LENGTH (ram))
                0x20004c00                __StackLimit = (__StackTop - SIZEOF (.co_stack))
                [!provide]                PROVIDE (__stack = __StackTop)
                0x00000001                ASSERT ((__StackLimit >= __HeapLimit), region ram  overflowed with stack)
LOAD ..\obj\stm32f10x_tim.o
LOAD ..\obj\ds3231.o
LOAD ..\obj\i2c.o
LOAD ..\obj\flash.o
LOAD ..\obj\timer.o
LOAD ..\obj\system_stm32f10x.o
LOAD ..\obj\startup_stm32f10x_md.o
LOAD ..\obj\stm32f10x_gpio.o
LOAD ..\obj\main.o
LOAD ..\obj\dwt_delay.o
LOAD ..\obj\init.o
LOAD ..\obj\stm32f10x_rcc.o
LOAD ..\obj\stm32f10x_usart.o
LOAD ..\obj\usartMH.o
LOAD ..\obj\stm32f10x_flash.o
LOAD ..\obj\misc.o
LOAD ..\obj\stm32f10x_i2c.o
LOAD ..\obj\usartESP.o
START GROUP
LOAD d:/program/gnu tools arm embedded/7 2018-q2-update/bin/../lib/gcc/arm-none-eabi/7.3.1/thumb/v7-m\libgcc.a
LOAD d:/program/gnu tools arm embedded/7 2018-q2-update/bin/../lib/gcc/arm-none-eabi/7.3.1/../../../../arm-none-eabi/lib/thumb/v7-m\libg.a
LOAD d:/program/gnu tools arm embedded/7 2018-q2-update/bin/../lib/gcc/arm-none-eabi/7.3.1/../../../../arm-none-eabi/lib/thumb/v7-m\libc.a
END GROUP
OUTPUT(Lama.elf elf32-littlearm)

.debug_info     0x00000000     0xc6cf
 .debug_info    0x00000000     0x1c66 ..\obj\stm32f10x_tim.o
 .debug_info    0x00001c66      0xc1b ..\obj\ds3231.o
 .debug_info    0x00002881      0xd88 ..\obj\i2c.o
 .debug_info    0x00003609      0x1d9 ..\obj\flash.o
 .debug_info    0x000037e2     0x105f ..\obj\timer.o
 .debug_info    0x00004841      0x4a1 ..\obj\system_stm32f10x.o
 .debug_info    0x00004ce2      0x10f ..\obj\startup_stm32f10x_md.o
 .debug_info    0x00004df1      0x6fe ..\obj\stm32f10x_gpio.o
 .debug_info    0x000054ef      0xe00 ..\obj\main.o
 .debug_info    0x000062ef      0x4a0 ..\obj\dwt_delay.o
 .debug_info    0x0000678f     0x16b0 ..\obj\init.o
 .debug_info    0x00007e3f      0x8ae ..\obj\stm32f10x_rcc.o
 .debug_info    0x000086ed      0x9f6 ..\obj\stm32f10x_usart.o
 .debug_info    0x000090e3      0xd2a ..\obj\usartMH.o
 .debug_info    0x00009e0d      0x7c4 ..\obj\stm32f10x_flash.o
 .debug_info    0x0000a5d1      0x547 ..\obj\misc.o
 .debug_info    0x0000ab18      0xb13 ..\obj\stm32f10x_i2c.o
 .debug_info    0x0000b62b     0x10a4 ..\obj\usartESP.o

.debug_abbrev   0x00000000     0x2157
 .debug_abbrev  0x00000000      0x1c5 ..\obj\stm32f10x_tim.o
 .debug_abbrev  0x000001c5      0x226 ..\obj\ds3231.o
 .debug_abbrev  0x000003eb      0x233 ..\obj\i2c.o
 .debug_abbrev  0x0000061e      0x118 ..\obj\flash.o
 .debug_abbrev  0x00000736      0x272 ..\obj\timer.o
 .debug_abbrev  0x000009a8      0x170 ..\obj\system_stm32f10x.o
 .debug_abbrev  0x00000b18       0xb8 ..\obj\startup_stm32f10x_md.o
 .debug_abbrev  0x00000bd0      0x1e1 ..\obj\stm32f10x_gpio.o
 .debug_abbrev  0x00000db1      0x28a ..\obj\main.o
 .debug_abbrev  0x0000103b      0x160 ..\obj\dwt_delay.o
 .debug_abbrev  0x0000119b      0x2b3 ..\obj\init.o
 .debug_abbrev  0x0000144e      0x1d1 ..\obj\stm32f10x_rcc.o
 .debug_abbrev  0x0000161f      0x191 ..\obj\stm32f10x_usart.o
 .debug_abbrev  0x000017b0      0x247 ..\obj\usartMH.o
 .debug_abbrev  0x000019f7      0x1a4 ..\obj\stm32f10x_flash.o
 .debug_abbrev  0x00001b9b      0x174 ..\obj\misc.o
 .debug_abbrev  0x00001d0f      0x193 ..\obj\stm32f10x_i2c.o
 .debug_abbrev  0x00001ea2      0x2b5 ..\obj\usartESP.o

.debug_aranges  0x00000000      0xaa8
 .debug_aranges
                0x00000000      0x2f0 ..\obj\stm32f10x_tim.o
 .debug_aranges
                0x000002f0       0x38 ..\obj\ds3231.o
 .debug_aranges
                0x00000328       0x30 ..\obj\i2c.o
 .debug_aranges
                0x00000358       0x30 ..\obj\flash.o
 .debug_aranges
                0x00000388       0x30 ..\obj\timer.o
 .debug_aranges
                0x000003b8       0x38 ..\obj\system_stm32f10x.o
 .debug_aranges
                0x000003f0       0x28 ..\obj\startup_stm32f10x_md.o
 .debug_aranges
                0x00000418       0xa8 ..\obj\stm32f10x_gpio.o
 .debug_aranges
                0x000004c0       0x38 ..\obj\main.o
 .debug_aranges
                0x000004f8       0x78 ..\obj\dwt_delay.o
 .debug_aranges
                0x00000570       0x50 ..\obj\init.o
 .debug_aranges
                0x000005c0      0x118 ..\obj\stm32f10x_rcc.o
 .debug_aranges
                0x000006d8      0x100 ..\obj\stm32f10x_usart.o
 .debug_aranges
                0x000007d8       0x28 ..\obj\usartMH.o
 .debug_aranges
                0x00000800       0xf8 ..\obj\stm32f10x_flash.o
 .debug_aranges
                0x000008f8       0x40 ..\obj\misc.o
 .debug_aranges
                0x00000938      0x120 ..\obj\stm32f10x_i2c.o
 .debug_aranges
                0x00000a58       0x50 ..\obj\usartESP.o

.debug_ranges   0x00000000      0x988
 .debug_ranges  0x00000000      0x2e0 ..\obj\stm32f10x_tim.o
 .debug_ranges  0x000002e0       0x28 ..\obj\ds3231.o
 .debug_ranges  0x00000308       0x20 ..\obj\i2c.o
 .debug_ranges  0x00000328       0x20 ..\obj\flash.o
 .debug_ranges  0x00000348       0x20 ..\obj\timer.o
 .debug_ranges  0x00000368       0x28 ..\obj\system_stm32f10x.o
 .debug_ranges  0x00000390       0x18 ..\obj\startup_stm32f10x_md.o
 .debug_ranges  0x000003a8       0x98 ..\obj\stm32f10x_gpio.o
 .debug_ranges  0x00000440       0x28 ..\obj\main.o
 .debug_ranges  0x00000468       0x68 ..\obj\dwt_delay.o
 .debug_ranges  0x000004d0       0x40 ..\obj\init.o
 .debug_ranges  0x00000510      0x108 ..\obj\stm32f10x_rcc.o
 .debug_ranges  0x00000618       0xf0 ..\obj\stm32f10x_usart.o
 .debug_ranges  0x00000708       0x18 ..\obj\usartMH.o
 .debug_ranges  0x00000720       0xe8 ..\obj\stm32f10x_flash.o
 .debug_ranges  0x00000808       0x30 ..\obj\misc.o
 .debug_ranges  0x00000838      0x110 ..\obj\stm32f10x_i2c.o
 .debug_ranges  0x00000948       0x40 ..\obj\usartESP.o

.debug_line     0x00000000     0x456f
 .debug_line    0x00000000      0xb66 ..\obj\stm32f10x_tim.o
 .debug_line    0x00000b66      0x30b ..\obj\ds3231.o
 .debug_line    0x00000e71      0x31f ..\obj\i2c.o
 .debug_line    0x00001190      0x216 ..\obj\flash.o
 .debug_line    0x000013a6      0x3cc ..\obj\timer.o
 .debug_line    0x00001772      0x232 ..\obj\system_stm32f10x.o
 .debug_line    0x000019a4       0xa4 ..\obj\startup_stm32f10x_md.o
 .debug_line    0x00001a48      0x3e6 ..\obj\stm32f10x_gpio.o
 .debug_line    0x00001e2e      0x385 ..\obj\main.o
 .debug_line    0x000021b3      0x28e ..\obj\dwt_delay.o
 .debug_line    0x00002441      0x452 ..\obj\init.o
 .debug_line    0x00002893      0x4e1 ..\obj\stm32f10x_rcc.o
 .debug_line    0x00002d74      0x4c8 ..\obj\stm32f10x_usart.o
 .debug_line    0x0000323c      0x31c ..\obj\usartMH.o
 .debug_line    0x00003558      0x4e2 ..\obj\stm32f10x_flash.o
 .debug_line    0x00003a3a      0x25b ..\obj\misc.o
 .debug_line    0x00003c95      0x4fb ..\obj\stm32f10x_i2c.o
 .debug_line    0x00004190      0x3df ..\obj\usartESP.o

.debug_str      0x00000000     0x3253
 .debug_str     0x00000000      0xd61 ..\obj\stm32f10x_tim.o
                                0xe24 (size before relaxing)
 .debug_str     0x00000d61      0x4d6 ..\obj\ds3231.o
                                0x6c2 (size before relaxing)
 .debug_str     0x00001237       0x95 ..\obj\i2c.o
                                0x760 (size before relaxing)
 .debug_str     0x000012cc       0x82 ..\obj\flash.o
                                0x23b (size before relaxing)
 .debug_str     0x0000134e      0x11c ..\obj\timer.o
                                0x8be (size before relaxing)
 .debug_str     0x0000146a      0x164 ..\obj\system_stm32f10x.o
                                0x326 (size before relaxing)
 .debug_str     0x000015ce       0xc4 ..\obj\startup_stm32f10x_md.o
                                0x195 (size before relaxing)
 .debug_str     0x00001692      0x369 ..\obj\stm32f10x_gpio.o
                                0x560 (size before relaxing)
 .debug_str     0x000019fb       0x87 ..\obj\main.o
                                0x7b6 (size before relaxing)
 .debug_str     0x00001a82      0x19d ..\obj\dwt_delay.o
                                0x35d (size before relaxing)
 .debug_str     0x00001c1f      0x544 ..\obj\init.o
                                0xed0 (size before relaxing)
 .debug_str     0x00002163      0x3d0 ..\obj\stm32f10x_rcc.o
                                0x661 (size before relaxing)
 .debug_str     0x00002533      0x3ab ..\obj\stm32f10x_usart.o
                                0x6d7 (size before relaxing)
 .debug_str     0x000028de       0x60 ..\obj\usartMH.o
                                0x726 (size before relaxing)
 .debug_str     0x0000293e      0x409 ..\obj\stm32f10x_flash.o
                                0x62f (size before relaxing)
 .debug_str     0x00002d47      0x125 ..\obj\misc.o
                                0x405 (size before relaxing)
 .debug_str     0x00002e6c      0x338 ..\obj\stm32f10x_i2c.o
                                0x6ad (size before relaxing)
 .debug_str     0x000031a4       0xaf ..\obj\usartESP.o
                                0x8bf (size before relaxing)

.comment        0x00000000       0x7f
 .comment       0x00000000       0x7f ..\obj\stm32f10x_tim.o
                                 0x80 (size before relaxing)
 .comment       0x0000007f       0x80 ..\obj\ds3231.o
 .comment       0x0000007f       0x80 ..\obj\i2c.o
 .comment       0x0000007f       0x80 ..\obj\flash.o
 .comment       0x0000007f       0x80 ..\obj\timer.o
 .comment       0x0000007f       0x80 ..\obj\system_stm32f10x.o
 .comment       0x0000007f       0x80 ..\obj\startup_stm32f10x_md.o
 .comment       0x0000007f       0x80 ..\obj\stm32f10x_gpio.o
 .comment       0x0000007f       0x80 ..\obj\main.o
 .comment       0x0000007f       0x80 ..\obj\dwt_delay.o
 .comment       0x0000007f       0x80 ..\obj\init.o
 .comment       0x0000007f       0x80 ..\obj\stm32f10x_rcc.o
 .comment       0x0000007f       0x80 ..\obj\stm32f10x_usart.o
 .comment       0x0000007f       0x80 ..\obj\usartMH.o
 .comment       0x0000007f       0x80 ..\obj\stm32f10x_flash.o
 .comment       0x0000007f       0x80 ..\obj\misc.o
 .comment       0x0000007f       0x80 ..\obj\stm32f10x_i2c.o
 .comment       0x0000007f       0x80 ..\obj\usartESP.o

.ARM.attributes
                0x00000000       0x31
 .ARM.attributes
                0x00000000       0x33 ..\obj\stm32f10x_tim.o
 .ARM.attributes
                0x00000033       0x33 ..\obj\ds3231.o
 .ARM.attributes
                0x00000066       0x33 ..\obj\i2c.o
 .ARM.attributes
                0x00000099       0x33 ..\obj\flash.o
 .ARM.attributes
                0x000000cc       0x33 ..\obj\timer.o
 .ARM.attributes
                0x000000ff       0x33 ..\obj\system_stm32f10x.o
 .ARM.attributes
                0x00000132       0x33 ..\obj\startup_stm32f10x_md.o
 .ARM.attributes
                0x00000165       0x33 ..\obj\stm32f10x_gpio.o
 .ARM.attributes
                0x00000198       0x33 ..\obj\main.o
 .ARM.attributes
                0x000001cb       0x33 ..\obj\dwt_delay.o
 .ARM.attributes
                0x000001fe       0x33 ..\obj\init.o
 .ARM.attributes
                0x00000231       0x33 ..\obj\stm32f10x_rcc.o
 .ARM.attributes
                0x00000264       0x33 ..\obj\stm32f10x_usart.o
 .ARM.attributes
                0x00000297       0x33 ..\obj\usartMH.o
 .ARM.attributes
                0x000002ca       0x33 ..\obj\stm32f10x_flash.o
 .ARM.attributes
                0x000002fd       0x33 ..\obj\misc.o
 .ARM.attributes
                0x00000330       0x33 ..\obj\stm32f10x_i2c.o
 .ARM.attributes
                0x00000363       0x33 ..\obj\usartESP.o
 .ARM.attributes
                0x00000396       0x2d d:/program/gnu tools arm embedded/7 2018-q2-update/bin/../lib/gcc/arm-none-eabi/7.3.1/../../../../arm-none-eabi/lib/thumb/v7-m\libg.a(lib_a-atoi.o)
 .ARM.attributes
                0x000003c3       0x2d d:/program/gnu tools arm embedded/7 2018-q2-update/bin/../lib/gcc/arm-none-eabi/7.3.1/../../../../arm-none-eabi/lib/thumb/v7-m\libg.a(lib_a-itoa.o)
 .ARM.attributes
                0x000003f0       0x2d d:/program/gnu tools arm embedded/7 2018-q2-update/bin/../lib/gcc/arm-none-eabi/7.3.1/../../../../arm-none-eabi/lib/thumb/v7-m\libg.a(lib_a-memset.o)
 .ARM.attributes
                0x0000041d       0x2d d:/program/gnu tools arm embedded/7 2018-q2-update/bin/../lib/gcc/arm-none-eabi/7.3.1/../../../../arm-none-eabi/lib/thumb/v7-m\libg.a(lib_a-strstr.o)
 .ARM.attributes
                0x0000044a       0x2d d:/program/gnu tools arm embedded/7 2018-q2-update/bin/../lib/gcc/arm-none-eabi/7.3.1/../../../../arm-none-eabi/lib/thumb/v7-m\libg.a(lib_a-strtol.o)
 .ARM.attributes
                0x00000477       0x2d d:/program/gnu tools arm embedded/7 2018-q2-update/bin/../lib/gcc/arm-none-eabi/7.3.1/../../../../arm-none-eabi/lib/thumb/v7-m\libg.a(lib_a-utoa.o)
 .ARM.attributes
                0x000004a4       0x2d d:/program/gnu tools arm embedded/7 2018-q2-update/bin/../lib/gcc/arm-none-eabi/7.3.1/../../../../arm-none-eabi/lib/thumb/v7-m\libg.a(lib_a-impure.o)
 .ARM.attributes
                0x000004d1       0x2d d:/program/gnu tools arm embedded/7 2018-q2-update/bin/../lib/gcc/arm-none-eabi/7.3.1/../../../../arm-none-eabi/lib/thumb/v7-m\libg.a(lib_a-locale.o)
 .ARM.attributes
                0x000004fe       0x2d d:/program/gnu tools arm embedded/7 2018-q2-update/bin/../lib/gcc/arm-none-eabi/7.3.1/../../../../arm-none-eabi/lib/thumb/v7-m\libg.a(lib_a-mbtowc_r.o)
 .ARM.attributes
                0x0000052b       0x2d d:/program/gnu tools arm embedded/7 2018-q2-update/bin/../lib/gcc/arm-none-eabi/7.3.1/../../../../arm-none-eabi/lib/thumb/v7-m\libg.a(lib_a-memchr-stub.o)
 .ARM.attributes
                0x00000558       0x2d d:/program/gnu tools arm embedded/7 2018-q2-update/bin/../lib/gcc/arm-none-eabi/7.3.1/../../../../arm-none-eabi/lib/thumb/v7-m\libg.a(lib_a-memcmp.o)
 .ARM.attributes
                0x00000585       0x2d d:/program/gnu tools arm embedded/7 2018-q2-update/bin/../lib/gcc/arm-none-eabi/7.3.1/../../../../arm-none-eabi/lib/thumb/v7-m\libg.a(lib_a-strchr.o)
 .ARM.attributes
                0x000005b2       0x2d d:/program/gnu tools arm embedded/7 2018-q2-update/bin/../lib/gcc/arm-none-eabi/7.3.1/../../../../arm-none-eabi/lib/thumb/v7-m\libg.a(lib_a-wctomb_r.o)
 .ARM.attributes
                0x000005df       0x2d d:/program/gnu tools arm embedded/7 2018-q2-update/bin/../lib/gcc/arm-none-eabi/7.3.1/../../../../arm-none-eabi/lib/thumb/v7-m\libg.a(lib_a-ctype_.o)

.debug_frame    0x00000000     0x3028
 .debug_frame   0x00000000      0xe2c ..\obj\stm32f10x_tim.o
 .debug_frame   0x00000e2c       0xa0 ..\obj\ds3231.o
 .debug_frame   0x00000ecc       0x7c ..\obj\i2c.o
 .debug_frame   0x00000f48       0x78 ..\obj\flash.o
 .debug_frame   0x00000fc0       0x84 ..\obj\timer.o
 .debug_frame   0x00001044       0x98 ..\obj\system_stm32f10x.o
 .debug_frame   0x000010dc       0x4c ..\obj\startup_stm32f10x_md.o
 .debug_frame   0x00001128      0x2d0 ..\obj\stm32f10x_gpio.o
 .debug_frame   0x000013f8       0x98 ..\obj\main.o
 .debug_frame   0x00001490      0x1d4 ..\obj\dwt_delay.o
 .debug_frame   0x00001664      0x110 ..\obj\init.o
 .debug_frame   0x00001774      0x4f4 ..\obj\stm32f10x_rcc.o
 .debug_frame   0x00001c68      0x490 ..\obj\stm32f10x_usart.o
 .debug_frame   0x000020f8       0x58 ..\obj\usartMH.o
 .debug_frame   0x00002150      0x410 ..\obj\stm32f10x_flash.o
 .debug_frame   0x00002560       0xd8 ..\obj\misc.o
 .debug_frame   0x00002638      0x530 ..\obj\stm32f10x_i2c.o
 .debug_frame   0x00002b68      0x108 ..\obj\usartESP.o
 .debug_frame   0x00002c70       0x30 d:/program/gnu tools arm embedded/7 2018-q2-update/bin/../lib/gcc/arm-none-eabi/7.3.1/../../../../arm-none-eabi/lib/thumb/v7-m\libg.a(lib_a-atoi.o)
 .debug_frame   0x00002ca0       0x3c d:/program/gnu tools arm embedded/7 2018-q2-update/bin/../lib/gcc/arm-none-eabi/7.3.1/../../../../arm-none-eabi/lib/thumb/v7-m\libg.a(lib_a-itoa.o)
 .debug_frame   0x00002cdc       0x38 d:/program/gnu tools arm embedded/7 2018-q2-update/bin/../lib/gcc/arm-none-eabi/7.3.1/../../../../arm-none-eabi/lib/thumb/v7-m\libg.a(lib_a-memset.o)
 .debug_frame   0x00002d14       0x9c d:/program/gnu tools arm embedded/7 2018-q2-update/bin/../lib/gcc/arm-none-eabi/7.3.1/../../../../arm-none-eabi/lib/thumb/v7-m\libg.a(lib_a-strstr.o)
 .debug_frame   0x00002db0       0x9c d:/program/gnu tools arm embedded/7 2018-q2-update/bin/../lib/gcc/arm-none-eabi/7.3.1/../../../../arm-none-eabi/lib/thumb/v7-m\libg.a(lib_a-strtol.o)
 .debug_frame   0x00002e4c       0x4c d:/program/gnu tools arm embedded/7 2018-q2-update/bin/../lib/gcc/arm-none-eabi/7.3.1/../../../../arm-none-eabi/lib/thumb/v7-m\libg.a(lib_a-utoa.o)
 .debug_frame   0x00002e98       0x6c d:/program/gnu tools arm embedded/7 2018-q2-update/bin/../lib/gcc/arm-none-eabi/7.3.1/../../../../arm-none-eabi/lib/thumb/v7-m\libg.a(lib_a-locale.o)
 .debug_frame   0x00002f04       0x4c d:/program/gnu tools arm embedded/7 2018-q2-update/bin/../lib/gcc/arm-none-eabi/7.3.1/../../../../arm-none-eabi/lib/thumb/v7-m\libg.a(lib_a-mbtowc_r.o)
 .debug_frame   0x00002f50       0x34 d:/program/gnu tools arm embedded/7 2018-q2-update/bin/../lib/gcc/arm-none-eabi/7.3.1/../../../../arm-none-eabi/lib/thumb/v7-m\libg.a(lib_a-memchr-stub.o)
 .debug_frame   0x00002f84       0x38 d:/program/gnu tools arm embedded/7 2018-q2-update/bin/../lib/gcc/arm-none-eabi/7.3.1/../../../../arm-none-eabi/lib/thumb/v7-m\libg.a(lib_a-memcmp.o)
 .debug_frame   0x00002fbc       0x30 d:/program/gnu tools arm embedded/7 2018-q2-update/bin/../lib/gcc/arm-none-eabi/7.3.1/../../../../arm-none-eabi/lib/thumb/v7-m\libg.a(lib_a-strchr.o)
 .debug_frame   0x00002fec       0x3c d:/program/gnu tools arm embedded/7 2018-q2-update/bin/../lib/gcc/arm-none-eabi/7.3.1/../../../../arm-none-eabi/lib/thumb/v7-m\libg.a(lib_a-wctomb_r.o)
